// Jest Snapshot v1, https://goo.gl/fbAQLP

exports[`renders Spinner component correctly 1`] = `
<div>
  <div
    class="w-4 h-4 border-4 border-t-transparent border-gray-500 rounded-full animate-spin"
    role="status"
  />
</div>
`;
