// Jest Snapshot v1, https://goo.gl/fbAQLP

exports[`UserForm renders UserForm correctly 1`] = `
<DocumentFragment>
  <form
    class="max-w-md mx-auto p-4 bg-white shadow-md rounded-lg"
  >
    <h2
      class="text-xl font-bold mb-4"
    >
      Admin role
    </h2>
    <p
      class="text-sm text-gray-600 mb-4"
    >
      Everyone who works on your Admin can have different roles
      <a
        class="text-blue-500 ml-1"
        href="#"
      >
        learn more
      </a>
    </p>
    <div
      class="mb-4"
    >
      <div>
        <label
          class="block text-dark-100 text-sm font-medium leading-5 mb-4"
          for="name"
        >
          Type Candidate Name
        </label>
        <input
          class="rounded-[10px] w-full h-12 py-2 px-4 bg-white-300 text-dark-90 placeholder-dark-50 leading-tight border border-gray-300 focus:outline-none focus:shadow-outline focus:ring-2 focus:ring-slate-300 mt-1 p-2 w-full border rounded-md"
          id="name"
          name="name"
          type="text"
          value="name 1"
        />
      </div>
      <div
        aria-atomic="true"
        aria-live="polite"
        id="name-error"
      />
    </div>
    <div
      class="mb-4"
    >
      <div>
        <label
          class="block text-dark-100 text-sm font-medium leading-5 mb-4"
          for="email"
        >
          Type Candidate Email
        </label>
        <input
          class="rounded-[10px] w-full h-12 py-2 px-4 bg-white-300 text-dark-90 placeholder-dark-50 leading-tight border border-gray-300 focus:outline-none focus:shadow-outline focus:ring-2 focus:ring-slate-300 mt-1 p-2 w-full border rounded-md"
          id="email"
          name="email"
          type="email"
          value="email 1"
        />
      </div>
      <div
        aria-atomic="true"
        aria-live="polite"
        id="name-error"
      />
    </div>
    <div
      class="mb-4"
    >
      <div>
        <label
          class="block text-dark-100 text-sm font-medium leading-5 mb-4"
          for="joined"
        >
          Join Date
        </label>
        <input
          class="rounded-[10px] w-full h-12 py-2 px-4 bg-white-300 text-dark-90 placeholder-dark-50 leading-tight border border-gray-300 focus:outline-none focus:shadow-outline focus:ring-2 focus:ring-slate-300 mt-1 p-2 w-full border rounded-md"
          id="joined"
          name="joined"
          type="date"
          value="2022-01-01"
        />
      </div>
      <div
        aria-atomic="true"
        aria-live="polite"
        id="name-error"
      />
    </div>
    <div
      class="mb-4"
    >
      <label
        class="block text-sm font-medium text-gray-700 mb-1"
      >
        Avatar
      </label>
      <div
        class="flex items-center space-x-4"
      >
        <div
          class="relative w-1/2"
        >
          <img
            alt="Current Avatar"
            class="w-full h-28 object-cover rounded-md"
            data-nimg="1"
            decoding="async"
            height="100"
            loading="lazy"
            src="/_next/image?url=https%3A%2F%2Fs.net.vn%2FUr2Q&w=256&q=75"
            srcset="/_next/image?url=https%3A%2F%2Fs.net.vn%2FUr2Q&w=128&q=75 1x, /_next/image?url=https%3A%2F%2Fs.net.vn%2FUr2Q&w=256&q=75 2x"
            style="color: transparent;"
            width="100"
          />
          <input
            aria-describedby="avatar-error"
            class="absolute inset-0 opacity-0 cursor-pointer"
            name="avatar"
            required=""
            type="file"
          />
        </div>
      </div>
      <div
        aria-atomic="true"
        aria-live="polite"
        id="avatar-error"
      />
    </div>
    <div
      class="mb-4"
    >
      <label
        class="block text-sm font-medium text-gray-700"
      >
        Select Role
      </label>
      <select
        class="inline-flex justify-center w-full rounded-3xl px-4 py-2 text-sm font-medium text-gray-700 hover:bg-gray-200 focus:outline-none max-w-32 mt-1 p-2 min-w-full rounded-md border py-4"
        name="userRole"
      >
        <option
          value="78e731027d8fd50ed642340b7c9a63b3"
        >
          Admin
        </option>
        <option
          value="1"
        >
          Option 1
        </option>
        <option
          value="2"
        >
          Option 2
        </option>
      </select>
      <div
        aria-atomic="true"
        aria-live="polite"
        id="name-error"
      />
    </div>
    <div
      class="mb-4"
    >
      <label
        class="block text-sm font-medium text-gray-700"
      >
        Welcome Message
      </label>
      <textarea
        class="mt-1 p-2 w-full border rounded-md"
        name="welcomeMessage"
        rows="4"
      >
        Welcome aboard! We are excited you are here, and we look forward to working with you. We know with your skills and experience you're a great asset to our department. If you have any questions during your first week, please contact me at any time.
      </textarea>
    </div>
    <div
      class="flex justify-end space-x-2"
    >
      <a
        href="/users"
      >
        <button
          class="flex items-center rounded p-2 border border-gray-200 dark:border-gray-700 hover:bg-gray-100 hover:opacity-80 px-4 py-2 border rounded-md"
          type="button"
        >
          Cancel
        </button>
      </a>
      <button
        class="flex items-center rounded p-2 bg-[#4270ec] text-white hover:bg-blue-600 hover:cursor-not-allowed hover:opacity-70 px-4 py-2 bg-blue-500 text-white rounded-md"
        disabled=""
        type="submit"
      >
        Update User
      </button>
    </div>
  </form>
</DocumentFragment>
`;
