// Jest Snapshot v1, https://goo.gl/fbAQLP

exports[`Input should match the snapshot 1`] = `
<DocumentFragment>
  <div>
    <label
      class="block text-dark-100 text-sm font-medium leading-5 mb-4"
      for="testName"
    >
      Test Label
    </label>
    <input
      class="rounded-[10px] w-full h-12 py-2 px-4 bg-white-300 text-dark-90 placeholder-dark-50 leading-tight border border-gray-300 focus:outline-none focus:shadow-outline focus:ring-2 focus:ring-slate-300 "
      id="testName"
      name="testName"
      placeholder="Test Placeholder"
      type="text"
      value=""
    />
  </div>
</DocumentFragment>
`;
