// Jest Snapshot v1, https://goo.gl/fbAQLP

exports[`ConfirmationModal component matches the snapshot 1`] = `
<DocumentFragment>
  <div
    class="fixed inset-0 flex items-center justify-center bg-gray-500 bg-opacity-50"
  >
    <div
      class="bg-white p-6 rounded-lg shadow-lg"
    >
      <p
        class="mb-4"
      >
        Are you sure?
      </p>
      <div
        class="flex justify-end"
      >
        <button
          aria-label="button"
          class="flex items-center rounded p-2 bg-white text-[#62656e] hover:bg-gray-300 mr-2"
          type="button"
        >
          Cancel
        </button>
        <button
          aria-label="button"
          class="flex items-center rounded p-2 bg-rose-500 text-white hover:bg-rose-600 "
          type="button"
        >
          Confirm
        </button>
      </div>
    </div>
  </div>
</DocumentFragment>
`;
