// Jest Snapshot v1, https://goo.gl/fbAQLP

exports[`renders dropdown button with label and options 1`] = `
<DocumentFragment>
  <div
    class="relative text-left flex items-center sm:w-1/5 mb-4 sm:mb-0 flex-1 min-w-[120px]"
  >
    <select
      class="inline-flex justify-center w-full rounded-3xl px-4 py-2 text-sm font-medium text-gray-700 hover:bg-gray-200 focus:outline-none max-w-32"
    >
      <option
        value=""
      >
        Dropdown
      </option>
      <option
        value="option1"
      >
        Option 1
      </option>
      <option
        value="option2"
      >
        Option 2
      </option>
      <option
        value="option3"
      >
        Option 3
      </option>
    </select>
  </div>
</DocumentFragment>
`;
