// Jest Snapshot v1, https://goo.gl/fbAQLP

exports[`Button component matches the snapshot 1`] = `
<DocumentFragment>
  <button
    aria-label="button"
    class="flex items-center rounded p-2 bg-[#4270ec] text-white hover:bg-blue-600 "
    type="button"
  >
    Click me
  </button>
</DocumentFragment>
`;
